
> server@1.0.0 dev
> nodemon app.js

[33m[nodemon] 3.1.14[39m
[33m[nodemon] to restart at any time, enter `rs`[39m
[33m[nodemon] watching path(s): *.*[39m
[33m[nodemon] watching extensions: js,mjs,cjs,json[39m
[32m[nodemon] starting `node app.js`[39m
Server running on port 5000
[0mPOST /api/v1/auth/login [32m200[0m 2094.834 ms - 1077[0m
[0mGET /api/v1/admin/compliance-types [32m200[0m 605.990 ms - 3266[0m
[0mPOST /api/v1/auth/login [32m200[0m 1122.654 ms - 1077[0m
[0mPOST /api/v1/admin/entities [32m201[0m 1046.819 ms - 337[0m
[0mPOST /api/v1/auth/login [32m200[0m 1311.619 ms - 1083[0m
[0mPOST /api/v1/client/entities/98d6f0f9-d3cb-49a0-8256-026400fdb6bd/service-requests [32m201[0m 994.936 ms - 423[0m
[0mPOST /api/v1/auth/login [32m200[0m 795.345 ms - 1077[0m
[0mPOST /api/v1/admin/service-requests/5be2e49b-dafa-4373-b07a-e07ce41ccfee/approve [32m201[0m 861.518 ms - 727[0m
[0mPOST /api/v1/admin/service-requests/5be2e49b-dafa-4373-b07a-e07ce41ccfee/invoice [32m201[0m 1489.231 ms - 475[0m
[0mPOST /api/v1/auth/refresh-token [32m200[0m 316.058 ms - 927[0m
[0mPOST /api/v1/auth/refresh-token [32m200[0m 309.759 ms - 927[0m
[0mPOST /api/v1/auth/refresh-token [33m401[0m 1.398 ms - 1396[0m
[0mPOST /api/v1/auth/refresh-token [33m401[0m 0.603 ms - 1396[0m
[0mGET /api/v1/auth/me [36m304[0m 350.194 ms - -[0m
[0mGET /api/v1/auth/me [36m304[0m 361.867 ms - -[0m
[0mPOST /api/v1/auth/login [32m200[0m 544.691 ms - 1206[0m
[0mGET /api/v1/client/entities [36m304[0m 369.421 ms - -[0m
[0mGET /api/v1/client/entities [36m304[0m 360.125 ms - -[0m
[0mGET /api/v1/client/invoices [32m200[0m 773.385 ms - 601[0m
[0mGET /api/v1/client/invoices [36m304[0m 840.471 ms - -[0m
[0mPOST /api/v1/client/invoices/d2534697-45cb-4f98-a95e-ab3d7b75ae46/pay [32m201[0m 1415.050 ms - 266[0m
[0mPOST /api/v1/auth/login [32m200[0m 358.837 ms - 1083[0m
[0mGET /api/v1/client/entities [32m200[0m 388.208 ms - 341[0m
[0mGET /api/v1/client/entities [36m304[0m 349.626 ms - -[0m
[0mPOST /api/v1/auth/refresh-token [32m200[0m 682.127 ms - 928[0m
[0mPOST /api/v1/auth/refresh-token [32m200[0m 680.318 ms - 928[0m
[0mGET /api/v1/auth/me [32m200[0m 333.832 ms - 221[0m
[0mGET /api/v1/client/entities [36m304[0m 428.426 ms - -[0m
[0mGET /api/v1/auth/me [36m304[0m 473.984 ms - -[0m
[0mGET /api/v1/client/invoices [32m200[0m 1034.289 ms - 611[0m
[0mGET /api/v1/client/entities [36m304[0m 611.500 ms - -[0m
[0mGET /api/v1/client/invoices [36m304[0m 605.781 ms - -[0m
[0mPOST /api/v1/client/invoices/6891196b-e3e0-4dad-a624-47a4f2da6f11/pay [32m201[0m 1760.561 ms - 263[0m
[0mPOST /api/v1/auth/login [32m200[0m 1346.974 ms - 1083[0m
[0mPOST /api/v1/client/invoices/6891196b-e3e0-4dad-a624-47a4f2da6f11/verify [33m400[0m 1462.336 ms - 311[0m
[0mPOST /api/v1/auth/login [32m200[0m 956.400 ms - 1083[0m
[0mPOST /api/v1/client/invoices/6891196b-e3e0-4dad-a624-47a4f2da6f11/verify [32m200[0m 1028.032 ms - 471[0m
[0mPOST /api/v1/auth/refresh-token [32m200[0m 490.403 ms - 928[0m
[0mPOST /api/v1/auth/refresh-token [32m200[0m 487.508 ms - 928[0m
[0mGET /api/v1/auth/me [36m304[0m 252.211 ms - -[0m
[0mGET /api/v1/auth/me [36m304[0m 242.160 ms - -[0m
[0mGET /api/v1/client/entities [36m304[0m 871.717 ms - -[0m
[0mGET /api/v1/client/entities [36m304[0m 396.601 ms - -[0m
[0mGET /api/v1/client/invoices [32m200[0m 1553.896 ms - 1098[0m
[0mGET /api/v1/client/invoices [36m304[0m 663.862 ms - -[0m
[0mPOST /api/v1/auth/refresh-token [32m200[0m 298.927 ms - 928[0m
[0mPOST /api/v1/auth/refresh-token [32m200[0m 296.888 ms - 928[0m
[0mGET /api/v1/auth/me [36m304[0m 793.217 ms - -[0m
[0mGET /api/v1/auth/me [36m304[0m 235.689 ms - -[0m
[0mPOST /api/v1/auth/login [32m200[0m 465.908 ms - 1077[0m
[0mPOST /api/v1/auth/refresh-token [32m200[0m 456.316 ms - 927[0m
[0mPOST /api/v1/auth/refresh-token [32m200[0m 452.938 ms - 927[0m
[0mGET /api/v1/auth/me [32m200[0m 235.389 ms - 216[0m
[0mGET /api/v1/auth/me [36m304[0m 225.456 ms - -[0m
[0mGET /api/v1/admin/invoices [32m200[0m 899.466 ms - 2036[0m
[0mGET /api/v1/admin/invoices [36m304[0m 491.170 ms - -[0m
[0mPOST /api/v1/auth/refresh-token [32m200[0m 212.674 ms - 927[0m
[0mPOST /api/v1/auth/refresh-token [32m200[0m 208.139 ms - 927[0m
[0mGET /api/v1/auth/me [36m304[0m 251.616 ms - -[0m
[0mGET /api/v1/auth/me [36m304[0m 290.655 ms - -[0m
[0mGET /api/v1/admin/invoices [32m200[0m 708.992 ms - 1022[0m
[0mGET /api/v1/admin/invoices [36m304[0m 517.289 ms - -[0m
